
> 08-zustand@0.1.0 build
> next build

▲ Next.js 16.2.11 (Turbopack)
- Environments: .env.local

  Creating an optimized production build ...
✓ Compiled successfully in 7.8s
  Running TypeScript ...
  Finished TypeScript in 4.2s ...
  Collecting page data using 7 workers ...
  Generating static pages using 7 workers (0/4) ...
  Generating static pages using 7 workers (1/4) 
  Generating static pages using 7 workers (2/4) 
  Generating static pages using 7 workers (3/4) 
✓ Generating static pages using 7 workers (4/4) in 301ms
  Finalizing page optimization ...

Route (app)
┌ ○ /
├ ○ /_not-found
├ ƒ /(.)notes/[id]
├ ƒ /notes/[id]
├ ○ /notes/action/create
└ ƒ /notes/filter/[...slug]


○  (Static)   prerendered as static content
ƒ  (Dynamic)  server-rendered on demand

